// Jest Snapshot v1, https://goo.gl/fbAQLP

exports[`ResponsiveTable Row component should match snapshot 1`] = `
<div
  className="row"
/>
`;
