// Jest Snapshot v1, https://goo.gl/fbAQLP

exports[`ResponsiveTable Table component should match snapshot 1`] = `
<div
  className="table"
/>
`;
