// Jest Snapshot v1, https://goo.gl/fbAQLP

exports[`LoadMoreButton component should match snapshot 1`] = `
<div
  className="container"
>
  <button
    className="loadMoreBtn"
  >
    Load more
  </button>
</div>
`;
