// Jest Snapshot v1, https://goo.gl/fbAQLP

exports[`NavBar Component renders properly 1`] = `
ShallowWrapper {
  "length": 1,
  Symbol(enzyme.__root__): [Circular],
  Symbol(enzyme.__unrendered__): <NavBar
    backgroundColor="#e54310"
  />,
  Symbol(enzyme.__renderer__): Object {
    "batchedUpdates": [Function],
    "getNode": [Function],
    "render": [Function],
    "simulateEvent": [Function],
    "unmount": [Function],
  },
  Symbol(enzyme.__node__): Object {
    "instance": null,
    "key": undefined,
    "nodeType": "host",
    "props": Object {
      "children": Array [
        <div
          className={undefined}
        >
          <Link
            className={undefined}
            replace={false}
            to="/"
          >
            <img
              alt="logo"
              className={undefined}
              src={Object {}}
              width="30"
            />
            <span
              className={undefined}
            >
              Book-A-Meal
            </span>
          </Link>
          <button
            href="#"
            id="nav-toggle"
            onClick={[Function]}
          >
            ☰
          </button>
        </div>,
        <div
          className={undefined}
          style={Object {}}
        >
          <ul
            className={undefined}
          >
            <li>
              <Link
                replace={false}
                to="/login"
              >
                Login
              </Link>
            </li>
            <li>
              <Link
                replace={false}
                to="/signup"
              >
                Sign Up
              </Link>
            </li>
          </ul>
        </div>,
      ],
      "className": undefined,
      "style": Object {
        "backgroundColor": "#e54310",
      },
    },
    "ref": null,
    "rendered": Array [
      Object {
        "instance": null,
        "key": undefined,
        "nodeType": "host",
        "props": Object {
          "children": Array [
            <Link
              className={undefined}
              replace={false}
              to="/"
            >
              <img
                alt="logo"
                className={undefined}
                src={Object {}}
                width="30"
              />
              <span
                className={undefined}
              >
                Book-A-Meal
              </span>
            </Link>,
            <button
              href="#"
              id="nav-toggle"
              onClick={[Function]}
            >
              ☰
            </button>,
          ],
          "className": undefined,
        },
        "ref": null,
        "rendered": Array [
          Object {
            "instance": null,
            "key": undefined,
            "nodeType": "class",
            "props": Object {
              "children": Array [
                <img
                  alt="logo"
                  className={undefined}
                  src={Object {}}
                  width="30"
                />,
                <span
                  className={undefined}
                >
                  Book-A-Meal
                </span>,
              ],
              "className": undefined,
              "replace": false,
              "to": "/",
            },
            "ref": null,
            "rendered": Array [
              Object {
                "instance": null,
                "key": undefined,
                "nodeType": "host",
                "props": Object {
                  "alt": "logo",
                  "className": undefined,
                  "src": Object {},
                  "width": "30",
                },
                "ref": null,
                "rendered": null,
                "type": "img",
              },
              Object {
                "instance": null,
                "key": undefined,
                "nodeType": "host",
                "props": Object {
                  "children": "Book-A-Meal",
                  "className": undefined,
                },
                "ref": null,
                "rendered": "Book-A-Meal",
                "type": "span",
              },
            ],
            "type": [Function],
          },
          Object {
            "instance": null,
            "key": undefined,
            "nodeType": "host",
            "props": Object {
              "children": "☰",
              "href": "#",
              "id": "nav-toggle",
              "onClick": [Function],
            },
            "ref": null,
            "rendered": "☰",
            "type": "button",
          },
        ],
        "type": "div",
      },
      Object {
        "instance": null,
        "key": undefined,
        "nodeType": "host",
        "props": Object {
          "children": <ul
            className={undefined}
          >
            <li>
              <Link
                replace={false}
                to="/login"
              >
                Login
              </Link>
            </li>
            <li>
              <Link
                replace={false}
                to="/signup"
              >
                Sign Up
              </Link>
            </li>
          </ul>,
          "className": undefined,
          "style": Object {},
        },
        "ref": null,
        "rendered": Object {
          "instance": null,
          "key": undefined,
          "nodeType": "host",
          "props": Object {
            "children": Array [
              <li>
                <Link
                  replace={false}
                  to="/login"
                >
                  Login
                </Link>
              </li>,
              <li>
                <Link
                  replace={false}
                  to="/signup"
                >
                  Sign Up
                </Link>
              </li>,
            ],
            "className": undefined,
          },
          "ref": null,
          "rendered": Array [
            Object {
              "instance": null,
              "key": undefined,
              "nodeType": "host",
              "props": Object {
                "children": <Link
                  replace={false}
                  to="/login"
                >
                  Login
                </Link>,
              },
              "ref": null,
              "rendered": Object {
                "instance": null,
                "key": undefined,
                "nodeType": "class",
                "props": Object {
                  "children": "Login",
                  "replace": false,
                  "to": "/login",
                },
                "ref": null,
                "rendered": "Login",
                "type": [Function],
              },
              "type": "li",
            },
            Object {
              "instance": null,
              "key": undefined,
              "nodeType": "host",
              "props": Object {
                "children": <Link
                  replace={false}
                  to="/signup"
                >
                  Sign Up
                </Link>,
              },
              "ref": null,
              "rendered": Object {
                "instance": null,
                "key": undefined,
                "nodeType": "class",
                "props": Object {
                  "children": "Sign Up",
                  "replace": false,
                  "to": "/signup",
                },
                "ref": null,
                "rendered": "Sign Up",
                "type": [Function],
              },
              "type": "li",
            },
          ],
          "type": "ul",
        },
        "type": "div",
      },
    ],
    "type": "nav",
  },
  Symbol(enzyme.__nodes__): Array [
    Object {
      "instance": null,
      "key": undefined,
      "nodeType": "host",
      "props": Object {
        "children": Array [
          <div
            className={undefined}
          >
            <Link
              className={undefined}
              replace={false}
              to="/"
            >
              <img
                alt="logo"
                className={undefined}
                src={Object {}}
                width="30"
              />
              <span
                className={undefined}
              >
                Book-A-Meal
              </span>
            </Link>
            <button
              href="#"
              id="nav-toggle"
              onClick={[Function]}
            >
              ☰
            </button>
          </div>,
          <div
            className={undefined}
            style={Object {}}
          >
            <ul
              className={undefined}
            >
              <li>
                <Link
                  replace={false}
                  to="/login"
                >
                  Login
                </Link>
              </li>
              <li>
                <Link
                  replace={false}
                  to="/signup"
                >
                  Sign Up
                </Link>
              </li>
            </ul>
          </div>,
        ],
        "className": undefined,
        "style": Object {
          "backgroundColor": "#e54310",
        },
      },
      "ref": null,
      "rendered": Array [
        Object {
          "instance": null,
          "key": undefined,
          "nodeType": "host",
          "props": Object {
            "children": Array [
              <Link
                className={undefined}
                replace={false}
                to="/"
              >
                <img
                  alt="logo"
                  className={undefined}
                  src={Object {}}
                  width="30"
                />
                <span
                  className={undefined}
                >
                  Book-A-Meal
                </span>
              </Link>,
              <button
                href="#"
                id="nav-toggle"
                onClick={[Function]}
              >
                ☰
              </button>,
            ],
            "className": undefined,
          },
          "ref": null,
          "rendered": Array [
            Object {
              "instance": null,
              "key": undefined,
              "nodeType": "class",
              "props": Object {
                "children": Array [
                  <img
                    alt="logo"
                    className={undefined}
                    src={Object {}}
                    width="30"
                  />,
                  <span
                    className={undefined}
                  >
                    Book-A-Meal
                  </span>,
                ],
                "className": undefined,
                "replace": false,
                "to": "/",
              },
              "ref": null,
              "rendered": Array [
                Object {
                  "instance": null,
                  "key": undefined,
                  "nodeType": "host",
                  "props": Object {
                    "alt": "logo",
                    "className": undefined,
                    "src": Object {},
                    "width": "30",
                  },
                  "ref": null,
                  "rendered": null,
                  "type": "img",
                },
                Object {
                  "instance": null,
                  "key": undefined,
                  "nodeType": "host",
                  "props": Object {
                    "children": "Book-A-Meal",
                    "className": undefined,
                  },
                  "ref": null,
                  "rendered": "Book-A-Meal",
                  "type": "span",
                },
              ],
              "type": [Function],
            },
            Object {
              "instance": null,
              "key": undefined,
              "nodeType": "host",
              "props": Object {
                "children": "☰",
                "href": "#",
                "id": "nav-toggle",
                "onClick": [Function],
              },
              "ref": null,
              "rendered": "☰",
              "type": "button",
            },
          ],
          "type": "div",
        },
        Object {
          "instance": null,
          "key": undefined,
          "nodeType": "host",
          "props": Object {
            "children": <ul
              className={undefined}
            >
              <li>
                <Link
                  replace={false}
                  to="/login"
                >
                  Login
                </Link>
              </li>
              <li>
                <Link
                  replace={false}
                  to="/signup"
                >
                  Sign Up
                </Link>
              </li>
            </ul>,
            "className": undefined,
            "style": Object {},
          },
          "ref": null,
          "rendered": Object {
            "instance": null,
            "key": undefined,
            "nodeType": "host",
            "props": Object {
              "children": Array [
                <li>
                  <Link
                    replace={false}
                    to="/login"
                  >
                    Login
                  </Link>
                </li>,
                <li>
                  <Link
                    replace={false}
                    to="/signup"
                  >
                    Sign Up
                  </Link>
                </li>,
              ],
              "className": undefined,
            },
            "ref": null,
            "rendered": Array [
              Object {
                "instance": null,
                "key": undefined,
                "nodeType": "host",
                "props": Object {
                  "children": <Link
                    replace={false}
                    to="/login"
                  >
                    Login
                  </Link>,
                },
                "ref": null,
                "rendered": Object {
                  "instance": null,
                  "key": undefined,
                  "nodeType": "class",
                  "props": Object {
                    "children": "Login",
                    "replace": false,
                    "to": "/login",
                  },
                  "ref": null,
                  "rendered": "Login",
                  "type": [Function],
                },
                "type": "li",
              },
              Object {
                "instance": null,
                "key": undefined,
                "nodeType": "host",
                "props": Object {
                  "children": <Link
                    replace={false}
                    to="/signup"
                  >
                    Sign Up
                  </Link>,
                },
                "ref": null,
                "rendered": Object {
                  "instance": null,
                  "key": undefined,
                  "nodeType": "class",
                  "props": Object {
                    "children": "Sign Up",
                    "replace": false,
                    "to": "/signup",
                  },
                  "ref": null,
                  "rendered": "Sign Up",
                  "type": [Function],
                },
                "type": "li",
              },
            ],
            "type": "ul",
          },
          "type": "div",
        },
      ],
      "type": "nav",
    },
  ],
  Symbol(enzyme.__options__): Object {
    "adapter": ReactSixteenAdapter {
      "options": Object {
        "enableComponentDidUpdateOnSetState": true,
      },
    },
  },
}
`;
