// Jest Snapshot v1, https://goo.gl/fbAQLP

exports[`ConfirmMarkAsDeliveredModal component should match snapshot 1`] = `
<Modal
  ariaHideApp={true}
  bodyOpenClassName="ReactModal__Body--open"
  className="react-modal-body"
  closeTimeoutMS={150}
  isOpen={false}
  onRequestClose={[MockFunction]}
  overlayClassName="react-modal-overlay"
  parentSelector={[Function]}
  portalClassName="ReactModalPortal"
  shouldCloseOnEsc={true}
  shouldCloseOnOverlayClick={true}
  shouldFocusAfterRender={true}
  shouldReturnFocusAfterClose={true}
>
  <div
    className="body"
  >
    <p>
      Are you sure you want to mark order as delivered?
    </p>
    <button
      className="successBtn"
      onClick={[Function]}
    >
      Yes
    </button>
    <button
      className="updateBtn"
      onClick={[MockFunction]}
    >
      No
    </button>
  </div>
</Modal>
`;
