// Jest Snapshot v1, https://goo.gl/fbAQLP

exports[`UpdateOrderModal component should match snapshot 1`] = `
<Modal
  ariaHideApp={true}
  bodyOpenClassName="ReactModal__Body--open"
  className="react-modal-body"
  closeTimeoutMS={150}
  isOpen={false}
  onRequestClose={
    [MockFunction] {
      "calls": Array [
        Array [],
      ],
      "results": Array [
        Object {
          "isThrow": false,
          "value": undefined,
        },
      ],
    }
  }
  overlayClassName="react-modal-overlay"
  parentSelector={[Function]}
  portalClassName="ReactModalPortal"
  shouldCloseOnEsc={true}
  shouldCloseOnOverlayClick={true}
  shouldFocusAfterRender={true}
  shouldReturnFocusAfterClose={true}
>
  <OrderInfoForm
    deliveryAddress="adf23 sadf829e3r"
    handleClose={
      [MockFunction] {
        "calls": Array [
          Array [],
        ],
        "results": Array [
          Object {
            "isThrow": false,
            "value": undefined,
          },
        ],
      }
    }
    handleSubmit={[Function]}
    headerText="Confirm order information"
    isProcessing={false}
    meal={
      Object {
        "description": "Garri and sugar with enough water",
        "id": "af328d",
        "img": "picture.jpg",
        "price": 230,
        "title": "garri and sugar",
      }
    }
    phoneNumber="08123324234"
    proceedText="Confirm update"
    quantity={2}
  />
</Modal>
`;
