// Jest Snapshot v1, https://goo.gl/fbAQLP

exports[`CustomerLinks component should match snapshot 1`] = `
<Fragment>
  <li>
    <PageLink
      text="Menus"
      to="/menus"
    />
  </li>
  <li>
    <PageLink
      text="Order history"
      to="/orders"
    />
  </li>
</Fragment>
`;
