// Jest Snapshot v1, https://goo.gl/fbAQLP

exports[`PageLink component should match snapshot 1`] = `
<Link
  className=""
  replace={false}
  to="test"
/>
`;
