// Jest Snapshot v1, https://goo.gl/fbAQLP

exports[`Footer component should match snapshot 1`] = `
<footer
  className="footer"
>
  Â© 
  2018
   Book-A-Meal.
</footer>
`;
