// Jest Snapshot v1, https://goo.gl/fbAQLP

exports[`Layout component should match snapshot 1`] = `
<Fragment>
  <div
    className="layout"
  >
    <Connect(NavBar) />
  </div>
  <Footer />
</Fragment>
`;
