// Jest Snapshot v1, https://goo.gl/fbAQLP

exports[`Welcome component should match snapshot 1`] = `
<Welcome>
  <div
    className="welcome"
  >
    <Connect(NavBar)
      home={true}
    >
      <NavBar
        home={true}
        loggedIn={true}
        logout={[Function]}
        pathname="/"
        user={
          Object {
            "email": "mealbooker@gmail.com",
            "fullName": "Otse Obande",
            "id": "e20ac257-86cc-4a6f-a619-0249a201c475",
            "role": "caterer",
            "username": "otseobande",
          }
        }
      >
        <nav
          className="nav home"
        >
          <div
            className="titleArea"
          >
            <Link
              className="title"
              replace={false}
              to="/"
            >
              <a
                className="title"
                href="/"
                onClick={[Function]}
              >
                <img
                  alt="logo"
                  className="logo"
                  src="test-file-stub"
                  width="30"
                />
                <span
                  className="appName"
                >
                  Book-A-Meal
                </span>
              </a>
            </Link>
            <button
              className="navToggle"
              href="#"
              onClick={[Function]}
            >
              <span>
                â˜°
              </span>
            </button>
          </div>
          <div
            className="navMenus"
          >
            <ul
              className="navList"
            >
              <AuthLinks
                pathname="/"
                role="caterer"
              >
                <CatererLinks
                  pathname="/"
                >
                  <li>
                    <PageLink
                      pathname="/"
                      text="Meals"
                      to="/manage-meals"
                    >
                      <Link
                        className=""
                        replace={false}
                        to="/manage-meals"
                      >
                        <a
                          className=""
                          href="/manage-meals"
                          onClick={[Function]}
                        >
                          Meals
                        </a>
                      </Link>
                    </PageLink>
                  </li>
                  <li>
                    <PageLink
                      pathname="/"
                      text="Menus"
                      to="/manage-menus"
                    >
                      <Link
                        className=""
                        replace={false}
                        to="/manage-menus"
                      >
                        <a
                          className=""
                          href="/manage-menus"
                          onClick={[Function]}
                        >
                          Menus
                        </a>
                      </Link>
                    </PageLink>
                  </li>
                  <li>
                    <PageLink
                      pathname="/"
                      text="Orders"
                      to="/manage-orders"
                    >
                      <Link
                        className=""
                        replace={false}
                        to="/manage-orders"
                      >
                        <a
                          className=""
                          href="/manage-orders"
                          onClick={[Function]}
                        >
                          Orders
                        </a>
                      </Link>
                    </PageLink>
                  </li>
                </CatererLinks>
              </AuthLinks>
              <li>
                <Link
                  onClick={[Function]}
                  replace={false}
                  to="/"
                >
                  <a
                    href="/"
                    onClick={[Function]}
                  >
                    Logout
                  </a>
                </Link>
              </li>
            </ul>
          </div>
        </nav>
      </NavBar>
    </Connect(NavBar)>
    <div
      className="mask"
    >
      <div
        className="intro"
      >
        <span
          className="text"
        >
          <span
            className="hungry"
          >
            <i
              className="hungryLetter"
              key="H"
            >
              H
            </i>
            <i
              className="hungryLetter"
              key="u"
            >
              u
            </i>
            <i
              className="hungryLetter"
              key="n"
            >
              n
            </i>
            <i
              className="hungryLetter"
              key="g"
            >
              g
            </i>
            <i
              className="hungryLetter"
              key="r"
            >
              r
            </i>
            <i
              className="hungryLetter"
              key="y"
            >
              y
            </i>
            <i
              className="hungryLetter"
              key="!"
            >
              !
            </i>
            <i
              className="hungryLetter"
              key="?"
            >
              ?
            </i>
            <i
              className="hungryLetter"
              key=","
            >
              ,
            </i>
          </span>
          <br />
          Book a meal on the go...
        </span>
      </div>
    </div>
  </div>
</Welcome>
`;
